{"tool":"pest","result":"failed","tests":7,"passed":6,"assertions":17,"duration_ms":17871,"failed":1,"failures":[{"test":"P\\Tests\\Feature\\SchoolSetupPhaseTwoTest::__pest_evaluable_it_stores_student_and_parent_records_for_the_school","file":"\\xampp\\htdocs\\SchoolSystem-2.0\\vendor\\laravel\\framework\\src\\Illuminate\\Testing\\TestResponseAssert.php","line":46,"message":"Expected response status code [201, 301, 302, 303, 307, 308] but received 500.\nFailed asserting that false is true.\r\n\r\nThe following exception occurred during the last request:\n\nPDOException: SQLSTATE[HY000]: General error: 1 table student_parent has no column named parent_guardian_id in C:\\xampp\\htdocs\\SchoolSystem-2.0\\vendor\\laravel\\framework\\src\\Illuminate\\Database\\Connection.php:595\nStack trace:\n#0 C:\\xampp\\htdocs\\SchoolSystem-2.0\\vendor\\laravel\\framework\\src\\Illuminate\\Database\\Connection.php(595): PDO->prepare('insert into \"st..')\n#1 C:\\xampp\\htdocs\\SchoolSystem-2.0\\vendor\\laravel\\framework\\src\\Illuminate\\Database\\Connection.php(846): Illuminate\\Database\\Connection->{closure:Illuminate\\Database\\Connection::statement():590}('insert into \"st..', Array)\n#2 C:\\xampp\\htdocs\\SchoolSystem-2.0\\vendor\\laravel\\framework\\src\\Illuminate\\Database\\Connection.php(813): Illuminate\\Database\\Connection->runQueryCallback('insert into \"st..', Array, Object(Closure))\n#3 C:\\xampp\\htdocs\\SchoolSystem-2.0\\vendor\\laravel\\framework\\src\\Illuminate\\Database\\Connection.php(590): Illuminate\\Database\\Connection->run('insert into \"st..', Array, Object(Closure))\n#4 C:\\xampp\\htdocs\\SchoolSystem-2.0\\vendor\\laravel\\framework\\src\\Illuminate\\Database\\Connection.php(554): Illuminate\\Database\\Connection->statement('insert into \"st..', Array)\n#5 C:\\xampp\\htdocs\\SchoolSystem-2.0\\vendor\\laravel\\framework\\src\\Illuminate\\Database\\Query\\Builder.php(4220): Illuminate\\Database\\Connection->insert('insert into \"st..', Array)\n#6 C:\\xampp\\htdocs\\SchoolSystem-2.0\\vendor\\laravel\\framework\\src\\Illuminate\\Database\\Eloquent\\Relations\\Concerns\\InteractsWithPivotTable.php(344): Illuminate\\Database\\Query\\Builder->insert(Array)\n#7 C:\\xampp\\htdocs\\SchoolSystem-2.0\\vendor\\laravel\\framework\\src\\Illuminate\\Database\\Eloquent\\Relations\\Concerns\\InteractsWithPivotTable.php(242): Illuminate\\Database\\Eloquent\\Relations\\BelongsToMany->attach(1, Array, false)\n#8 C:\\xampp\\htdocs\\SchoolSystem-2.0\\vendor\\laravel\\framework\\src\\Illuminate\\Database\\Eloquent\\Relations\\Concerns\\InteractsWithPivotTable.php(134): Illuminate\\Database\\Eloquent\\Relations\\BelongsToMany->attachNew(Array, Array, false)\n#9 C:\\xampp\\htdocs\\SchoolSystem-2.0\\vendor\\laravel\\framework\\src\\Illuminate\\Database\\Eloquent\\Relations\\Concerns\\InteractsWithPivotTable.php(89): Illuminate\\Database\\Eloquent\\Relations\\BelongsToMany->sync(Array, false)\n#10 C:\\xampp\\htdocs\\SchoolSystem-2.0\\app\\Http\\Controllers\\StudentController.php(83): Illuminate\\Database\\Eloquent\\Relations\\BelongsToMany->syncWithoutDetaching(Array)\n#11 C:\\xampp\\htdocs\\SchoolSystem-2.0\\vendor\\laravel\\framework\\src\\Illuminate\\Routing\\ControllerDispatcher.php(46): App\\Http\\Controllers\\StudentController->store(Object(Illuminate\\Http\\Request))\n#12 C:\\xampp\\htdocs\\SchoolSystem-2.0\\vendor\\laravel\\framework\\src\\Illuminate\\Routing\\Route.php(276): Illuminate\\Routing\\ControllerDispatcher->dispatch(Object(Illuminate\\Routing\\Route), Object(App\\Http\\Controllers\\StudentController), 'store')\n#13 C:\\xampp\\htdocs\\SchoolSystem-2.0\\vendor\\laravel\\framework\\src\\Illuminate\\Routing\\Route.php(216): Illuminate\\Routing\\Route->runController()\n#14 C:\\xampp\\htdocs\\SchoolSystem-2.0\\vendor\\laravel\\framework\\src\\Illuminate\\Routing\\Router.php(822): Illuminate\\Routing\\Route->run()\n#15 C:\\xampp\\htdocs\\SchoolSystem-2.0\\vendor\\laravel\\framework\\src\\Illuminate\\Pipeline\\Pipeline.php(180): Illuminate\\Routing\\Router->{closure:Illuminate\\Routing\\Router::runRouteWithinStack():821}(Object(Illuminate\\Http\\Request))\n#16 C:\\xampp\\htdocs\\SchoolSystem-2.0\\vendor\\inertiajs\\inertia-laravel\\src\\Middleware.php(147): Illuminate\\Pipeline\\Pipeline->{closure:Illuminate\\Pipeline\\Pipeline::prepareDestination():178}(Object(Illuminate\\Http\\Request))\n#17 C:\\xampp\\htdocs\\SchoolSystem-2.0\\vendor\\laravel\\framework\\src\\Illuminate\\Pipeline\\Pipeline.php(219): Inertia\\Middleware->handle(Object(Illuminate\\Http\\Request), Object(Closure))\n#18 C:\\xampp\\htdocs\\SchoolSystem-2.0\\vendor\\laravel\\framework\\src\\Illuminate\\Routing\\Middleware\\SubstituteBindings.php(52): Illuminate\\Pipeline\\Pipeline->{closure:{closure:Illuminate\\Pipeline\\Pipeline::carry():194}:195}(Object(Illuminate\\Http\\Request))\n#19 C:\\xampp\\htdocs\\SchoolSystem-2.0\\vendor\\laravel\\framework\\src\\Illuminate\\Pipeline\\Pipeline.php(219): Illuminate\\Routing\\Middleware\\SubstituteBindings->handle(Object(Illuminate\\Http\\Request), Object(Closure))\n#20 C:\\xampp\\htdocs\\SchoolSystem-2.0\\vendor\\laravel\\framework\\src\\Illuminate\\Auth\\Middleware\\Authenticate.php(63): Illuminate\\Pipeline\\Pipeline->{closure:{closure:Illuminate\\Pipeline\\Pipeline::carry():194}:195}(Object(Illuminate\\Http\\Request))\n#21 C:\\xampp\\htdocs\\SchoolSystem-2.0\\vendor\\laravel\\framework\\src\\Illuminate\\Pipeline\\Pipeline.php(219): Illuminate\\Auth\\Middleware\\Authenticate->handle(Object(Illuminate\\Http\\Request), Object(Closure))\n#22 C:\\xampp\\htdocs\\SchoolSystem-2.0\\vendor\\laravel\\framework\\src\\Illuminate\\Foundation\\Http\\Middleware\\PreventRequestForgery.php(104): Illuminate\\Pipeline\\Pipeline->{closure:{closure:Illuminate\\Pipeline\\Pipeline::carry():194}:195}(Object(Illuminate\\Http\\Request))\n#23 C:\\xampp\\htdocs\\SchoolSystem-2.0\\vendor\\laravel\\framework\\src\\Illuminate\\Pipeline\\Pipeline.php(219): Illuminate\\Foundation\\Http\\Middleware\\PreventRequestForgery->handle(Object(Illuminate\\Http\\Request), Object(Closure))\n#24 C:\\xampp\\htdocs\\SchoolSystem-2.0\\vendor\\laravel\\framework\\src\\Illuminate\\View\\Middleware\\ShareErrorsFromSession.php(48): Illuminate\\Pipeline\\Pipeline->{closure:{closure:Illuminate\\Pipeline\\Pipeline::carry():194}:195}(Object(Illuminate\\Http\\Request))\n#25 C:\\xampp\\htdocs\\SchoolSystem-2.0\\vendor\\laravel\\framework\\src\\Illuminate\\Pipeline\\Pipeline.php(219): Illuminate\\View\\Middleware\\ShareErrorsFromSession->handle(Object(Illuminate\\Http\\Request), Object(Closure))\n#26 C:\\xampp\\htdocs\\SchoolSystem-2.0\\vendor\\laravel\\framework\\src\\Illuminate\\Session\\Middleware\\StartSession.php(120): Illuminate\\Pipeline\\Pipeline->{closure:{closure:Illuminate\\Pipeline\\Pipeline::carry():194}:195}(Object(Illuminate\\Http\\Request))\n#27 C:\\xampp\\htdocs\\SchoolSystem-2.0\\vendor\\laravel\\framework\\src\\Illuminate\\Session\\Middleware\\StartSession.php(63): Illuminate\\Session\\Middleware\\StartSession->handleStatefulRequest(Object(Illuminate\\Http\\Request), Object(Illuminate\\Session\\Store), Object(Closure))\n#28 C:\\xampp\\htdocs\\SchoolSystem-2.0\\vendor\\laravel\\framework\\src\\Illuminate\\Pipeline\\Pipeline.php(219): Illuminate\\Session\\Middleware\\StartSession->handle(Object(Illuminate\\Http\\Request), Object(Closure))\n#29 C:\\xampp\\htdocs\\SchoolSystem-2.0\\vendor\\laravel\\framework\\src\\Illuminate\\Cookie\\Middleware\\AddQueuedCookiesToResponse.php(36): Illuminate\\Pipeline\\Pipeline->{closure:{closure:Illuminate\\Pipeline\\Pipeline::carry():194}:195}(Object(Illuminate\\Http\\Request))\n#30 C:\\xampp\\htdocs\\SchoolSystem-2.0\\vendor\\laravel\\framework\\src\\Illuminate\\Pipeline\\Pipeline.php(219): Illuminate\\Cookie\\Middleware\\AddQueuedCookiesToResponse->handle(Object(Illuminate\\Http\\Request), Object(Closure))\n#31 C:\\xampp\\htdocs\\SchoolSystem-2.0\\vendor\\laravel\\framework\\src\\Illuminate\\Cookie\\Middleware\\EncryptCookies.php(74): Illuminate\\Pipeline\\Pipeline->{closure:{closure:Illuminate\\Pipeline\\Pipeline::carry():194}:195}(Object(Illuminate\\Http\\Request))\n#32 C:\\xampp\\htdocs\\SchoolSystem-2.0\\vendor\\laravel\\framework\\src\\Illuminate\\Pipeline\\Pipeline.php(219): Illuminate\\Cookie\\Middleware\\EncryptCookies->handle(Object(Illuminate\\Http\\Request), Object(Closure))\n#33 C:\\xampp\\htdocs\\SchoolSystem-2.0\\vendor\\laravel\\framework\\src\\Illuminate\\Pipeline\\Pipeline.php(137): Illuminate\\Pipeline\\Pipeline->{closure:{closure:Illuminate\\Pipeline\\Pipeline::carry():194}:195}(Object(Illuminate\\Http\\Request))\n#34 C:\\xampp\\htdocs\\SchoolSystem-2.0\\vendor\\laravel\\framework\\src\\Illuminate\\Routing\\Router.php(821): Illuminate\\Pipeline\\Pipeline->then(Object(Closure))\n#35 C:\\xampp\\htdocs\\SchoolSystem-2.0\\vendor\\laravel\\framework\\src\\Illuminate\\Routing\\Router.php(800): Illuminate\\Routing\\Router->runRouteWithinStack(Object(Illuminate\\Routing\\Route), Object(Illuminate\\Http\\Request))\n#36 C:\\xampp\\htdocs\\SchoolSystem-2.0\\vendor\\laravel\\framework\\src\\Illuminate\\Routing\\Router.php(764): Illuminate\\Routing\\Router->runRoute(Object(Illuminate\\Http\\Request), Object(Illuminate\\Routing\\Route))\n#37 C:\\xampp\\htdocs\\SchoolSystem-2.0\\vendor\\laravel\\framework\\src\\Illuminate\\Routing\\Router.php(753): Illuminate\\Routing\\Router->dispatchToRoute(Object(Illuminate\\Http\\Request))\n#38 C:\\xampp\\htdocs\\SchoolSystem-2.0\\vendor\\laravel\\framework\\src\\Illuminate\\Foundation\\Http\\Kernel.php(200): Illuminate\\Routing\\Router->dispatch(Object(Illuminate\\Http\\Request))\n#39 C:\\xampp\\htdocs\\SchoolSystem-2.0\\vendor\\laravel\\framework\\src\\Illuminate\\Pipeline\\Pipeline.php(180): Illuminate\\Foundation\\Http\\Kernel->{closure:Illuminate\\Foundation\\Http\\Kernel::dispatchToRouter():197}(Object(Illuminate\\Http\\Request))\n#40 C:\\xampp\\htdocs\\SchoolSystem-2.0\\vendor\\laravel\\mcp\\src\\Server\\Middleware\\AddWwwAuthenticateHeader.php(21): Illuminate\\Pipeline\\Pipeline->{closure:Illuminate\\Pipeline\\Pipeline::prepareDestination():178}(Object(Illuminate\\Http\\Request))\n#41 C:\\xampp\\htdocs\\SchoolSystem-2.0\\vendor\\laravel\\framework\\src\\Illuminate\\Pipeline\\Pipeline.php(219): Laravel\\Mcp\\Server\\Middleware\\AddWwwAuthenticateHeader->handle(Object(Illuminate\\Http\\Request), Object(Closure))\n#42 C:\\xampp\\htdocs\\SchoolSystem-2.0\\vendor\\inertiajs\\inertia-laravel\\src\\Middleware\\EnsureGetOnRedirect.php(19): Illuminate\\Pipeline\\Pipeline->{closure:{closure:Illuminate\\Pipeline\\Pipeline::carry():194}:195}(Object(Illuminate\\Http\\Request))\n#43 C:\\xampp\\htdocs\\SchoolSystem-2.0\\vendor\\laravel\\framework\\src\\Illuminate\\Pipeline\\Pipeline.php(219): Inertia\\Middleware\\EnsureGetOnRedirect->handle(Object(Illuminate\\Http\\Request), Object(Closure))\n#44 C:\\xampp\\htdocs\\SchoolSystem-2.0\\vendor\\laravel\\framework\\src\\Illuminate\\Foundation\\Http\\Middleware\\TransformsRequest.php(21): Illuminate\\Pipeline\\Pipeline->{closure:{closure:Illuminate\\Pipeline\\Pipeline::carry():194}:195}(Object(Illuminate\\Http\\Request))\n#45 C:\\xampp\\htdocs\\SchoolSystem-2.0\\vendor\\laravel\\framework\\src\\Illuminate\\Foundation\\Http\\Middleware\\ConvertEmptyStringsToNull.php(31): Illuminate\\Foundation\\Http\\Middleware\\TransformsRequest->handle(Object(Illuminate\\Http\\Request), Object(Closure))\n#46 C:\\xampp\\htdocs\\SchoolSystem-2.0\\vendor\\laravel\\framework\\src\\Illuminate\\Pipeline\\Pipeline.php(219): Illuminate\\Foundation\\Http\\Middleware\\ConvertEmptyStringsToNull->handle(Object(Illuminate\\Http\\Request), Object(Closure))\n#47 C:\\xampp\\htdocs\\SchoolSystem-2.0\\vendor\\laravel\\framework\\src\\Illuminate\\Foundation\\Http\\Middleware\\TransformsRequest.php(21): Illuminate\\Pipeline\\Pipeline->{closure:{closure:Illuminate\\Pipeline\\Pipeline::carry():194}:195}(Object(Illuminate\\Http\\Request))\n#48 C:\\xampp\\htdocs\\SchoolSystem-2.0\\vendor\\laravel\\framework\\src\\Illuminate\\Foundation\\Http\\Middleware\\TrimStrings.php(51): Illuminate\\Foundation\\Http\\Middleware\\TransformsRequest->handle(Object(Illuminate\\Http\\Request), Object(Closure))\n#49 C:\\xampp\\htdocs\\SchoolSystem-2.0\\vendor\\laravel\\framework\\src\\Illuminate\\Pipeline\\Pipeline.php(219): Illuminate\\Foundation\\Http\\Middleware\\TrimStrings->handle(Object(Illuminate\\Http\\Request), Object(Closure))\n#50 C:\\xampp\\htdocs\\SchoolSystem-2.0\\vendor\\laravel\\framework\\src\\Illuminate\\Http\\Middleware\\ValidatePostSize.php(27): Illuminate\\Pipeline\\Pipeline->{closure:{closure:Illuminate\\Pipeline\\Pipeline::carry():194}:195}(Object(Illuminate\\Http\\Request))\n#51 C:\\xampp\\htdocs\\SchoolSystem-2.0\\vendor\\laravel\\framework\\src\\Illuminate\\Pipeline\\Pipeline.php(219): Illuminate\\Http\\Middleware\\ValidatePostSize->handle(Object(Illuminate\\Http\\Request), Object(Closure))\n#52 C:\\xampp\\htdocs\\SchoolSystem-2.0\\vendor\\laravel\\framework\\src\\Illuminate\\Foundation\\Http\\Middleware\\PreventRequestsDuringMaintenance.php(110): Illuminate\\Pipeline\\Pipeline->{closure:{closure:Illuminate\\Pipeline\\Pipeline::carry():194}:195}(Object(Illuminate\\Http\\Request))\n#53 C:\\xampp\\htdocs\\SchoolSystem-2.0\\vendor\\laravel\\framework\\src\\Illuminate\\Pipeline\\Pipeline.php(219): Illuminate\\Foundation\\Http\\Middleware\\PreventRequestsDuringMaintenance->handle(Object(Illuminate\\Http\\Request), Object(Closure))\n#54 C:\\xampp\\htdocs\\SchoolSystem-2.0\\vendor\\laravel\\framework\\src\\Illuminate\\Http\\Middleware\\HandleCors.php(61): Illuminate\\Pipeline\\Pipeline->{closure:{closure:Illuminate\\Pipeline\\Pipeline::carry():194}:195}(Object(Illuminate\\Http\\Request))\n#55 C:\\xampp\\htdocs\\SchoolSystem-2.0\\vendor\\laravel\\framework\\src\\Illuminate\\Pipeline\\Pipeline.php(219): Illuminate\\Http\\Middleware\\HandleCors->handle(Object(Illuminate\\Http\\Request), Object(Closure))\n#56 C:\\xampp\\htdocs\\SchoolSystem-2.0\\vendor\\laravel\\framework\\src\\Illuminate\\Http\\Middleware\\TrustProxies.php(58): Illuminate\\Pipeline\\Pipeline->{closure:{closure:Illuminate\\Pipeline\\Pipeline::carry():194}:195}(Object(Illuminate\\Http\\Request))\n#57 C:\\xampp\\htdocs\\SchoolSystem-2.0\\vendor\\laravel\\framework\\src\\Illuminate\\Pipeline\\Pipeline.php(219): Illuminate\\Http\\Middleware\\TrustProxies->handle(Object(Illuminate\\Http\\Request), Object(Closure))\n#58 C:\\xampp\\htdocs\\SchoolSystem-2.0\\vendor\\laravel\\framework\\src\\Illuminate\\Foundation\\Http\\Middleware\\InvokeDeferredCallbacks.php(22): Illuminate\\Pipeline\\Pipeline->{closure:{closure:Illuminate\\Pipeline\\Pipeline::carry():194}:195}(Object(Illuminate\\Http\\Request))\n#59 C:\\xampp\\htdocs\\SchoolSystem-2.0\\vendor\\laravel\\framework\\src\\Illuminate\\Pipeline\\Pipeline.php(219): Illuminate\\Foundation\\Http\\Middleware\\InvokeDeferredCallbacks->handle(Object(Illuminate\\Http\\Request), Object(Closure))\n#60 C:\\xampp\\htdocs\\SchoolSystem-2.0\\vendor\\laravel\\framework\\src\\Illuminate\\Http\\Middleware\\ValidatePathEncoding.php(28): Illuminate\\Pipeline\\Pipeline->{closure:{closure:Illuminate\\Pipeline\\Pipeline::carry():194}:195}(Object(Illuminate\\Http\\Request))\n#61 C:\\xampp\\htdocs\\SchoolSystem-2.0\\vendor\\laravel\\framework\\src\\Illuminate\\Pipeline\\Pipeline.php(219): Illuminate\\Http\\Middleware\\ValidatePathEncoding->handle(Object(Illuminate\\Http\\Request), Object(Closure))\n#62 C:\\xampp\\htdocs\\SchoolSystem-2.0\\vendor\\laravel\\framework\\src\\Illuminate\\Pipeline\\Pipeline.php(137): Illuminate\\Pipeline\\Pipeline->{closure:{closure:Illuminate\\Pipeline\\Pipeline::carry():194}:195}(Object(Illuminate\\Http\\Request))\n#63 C:\\xampp\\htdocs\\SchoolSystem-2.0\\vendor\\laravel\\framework\\src\\Illuminate\\Foundation\\Http\\Kernel.php(175): Illuminate\\Pipeline\\Pipeline->then(Object(Closure))\n#64 C:\\xampp\\htdocs\\SchoolSystem-2.0\\vendor\\laravel\\framework\\src\\Illuminate\\Foundation\\Http\\Kernel.php(144): Illuminate\\Foundation\\Http\\Kernel->sendRequestThroughRouter(Object(Illuminate\\Http\\Request))\n#65 C:\\xampp\\htdocs\\SchoolSystem-2.0\\vendor\\laravel\\framework\\src\\Illuminate\\Foundation\\Testing\\Concerns\\MakesHttpRequests.php(638): Illuminate\\Foundation\\Http\\Kernel->handle(Object(Illuminate\\Http\\Request))\n#66 C:\\xampp\\htdocs\\SchoolSystem-2.0\\vendor\\laravel\\framework\\src\\Illuminate\\Foundation\\Testing\\Concerns\\MakesHttpRequests.php(397): Illuminate\\Foundation\\Testing\\TestCase->call('POST', '/students', Array, Array, Array, Array)\n#67 C:\\xampp\\htdocs\\SchoolSystem-2.0\\tests\\Feature\\SchoolSetupPhaseTwoTest.php(146): Illuminate\\Foundation\\Testing\\TestCase->post('/students', Array)\n#68 C:\\xampp\\htdocs\\SchoolSystem-2.0\\vendor\\pestphp\\pest\\src\\Factories\\TestCaseMethodFactory.php(135): P\\Tests\\Feature\\SchoolSetupPhaseTwoTest->{closure:C:\\xampp\\htdocs\\SchoolSystem-2.0\\tests\\Feature\\SchoolSetupPhaseTwoTest.php:142}()\n#69 [internal function]: P\\Tests\\Feature\\SchoolSetupPhaseTwoTest->{closure:Pest\\Factories\\TestCaseMethodFactory::getClosure():125}()\n#70 C:\\xampp\\htdocs\\SchoolSystem-2.0\\vendor\\pestphp\\pest\\src\\Concerns\\Testable.php(508): call_user_func_array(Object(Closure), Array)\n#71 C:\\xampp\\htdocs\\SchoolSystem-2.0\\vendor\\pestphp\\pest\\src\\Support\\ExceptionTrace.php(24): P\\Tests\\Feature\\SchoolSetupPhaseTwoTest->{closure:Pest\\Concerns\\Testable::__callClosure():508}()\n#72 C:\\xampp\\htdocs\\SchoolSystem-2.0\\vendor\\pestphp\\pest\\src\\Concerns\\Testable.php(508): Pest\\Support\\ExceptionTrace::ensure(Object(Closure))\n#73 C:\\xampp\\htdocs\\SchoolSystem-2.0\\vendor\\pestphp\\pest\\src\\Concerns\\Testable.php(322): P\\Tests\\Feature\\SchoolSetupPhaseTwoTest->__callClosure(Object(Closure), Array)\n#74 C:\\xampp\\htdocs\\SchoolSystem-2.0\\vendor\\pestphp\\pest\\src\\Factories\\TestCaseFactory.php(170) : eval()'d code(100): P\\Tests\\Feature\\SchoolSetupPhaseTwoTest->__runTest(Object(Closure))\n#75 C:\\xampp\\htdocs\\SchoolSystem-2.0\\vendor\\phpunit\\phpunit\\src\\Framework\\TestCase.php(1461): P\\Tests\\Feature\\SchoolSetupPhaseTwoTest->__pest_evaluable_it_stores_student_and_parent_records_for_the_school()\n#76 C:\\xampp\\htdocs\\SchoolSystem-2.0\\vendor\\phpunit\\phpunit\\src\\Framework\\TestCase.php(1475): PHPUnit\\Framework\\TestCase->invokeTestMethod('__pest_evaluabl..', Array)\n#77 C:\\xampp\\htdocs\\SchoolSystem-2.0\\vendor\\phpunit\\phpunit\\src\\Framework\\TestCase.php(496): PHPUnit\\Framework\\TestCase->runTest()\n#78 C:\\xampp\\htdocs\\SchoolSystem-2.0\\vendor\\phpunit\\phpunit\\src\\Framework\\TestRunner\\TestRunner.php(126): PHPUnit\\Framework\\TestCase->runBare()\n#79 C:\\xampp\\htdocs\\SchoolSystem-2.0\\vendor\\phpunit\\phpunit\\src\\Framework\\TestCase.php(328): PHPUnit\\Framework\\TestRunner\\TestRunner->run(Object(P\\Tests\\Feature\\SchoolSetupPhaseTwoTest))\n#80 C:\\xampp\\htdocs\\SchoolSystem-2.0\\vendor\\phpunit\\phpunit\\src\\Framework\\TestSuite.php(627): PHPUnit\\Framework\\TestCase->run()\n#81 C:\\xampp\\htdocs\\SchoolSystem-2.0\\vendor\\phpunit\\phpunit\\src\\Framework\\TestSuite.php(420): PHPUnit\\Framework\\TestSuite->runTests(Array, Object(PHPUnit\\Event\\DispatchingEmitter))\n#82 C:\\xampp\\htdocs\\SchoolSystem-2.0\\vendor\\phpunit\\phpunit\\src\\TextUI\\TestRunner.php(64): PHPUnit\\Framework\\TestSuite->run()\n#83 C:\\xampp\\htdocs\\SchoolSystem-2.0\\vendor\\phpunit\\phpunit\\src\\TextUI\\Application.php(255): PHPUnit\\TextUI\\TestRunner->run(Object(PHPUnit\\TextUI\\Configuration\\Configuration), Object(PHPUnit\\Runner\\TestRunHistory\\DefaultTestRunHistory), Object(PHPUnit\\Framework\\TestSuite))\n#84 C:\\xampp\\htdocs\\SchoolSystem-2.0\\vendor\\pestphp\\pest\\src\\Kernel.php(100): PHPUnit\\TextUI\\Application->run(Array)\n#85 C:\\xampp\\htdocs\\SchoolSystem-2.0\\vendor\\pestphp\\pest\\bin\\pest(207): Pest\\Kernel->handle(Array, Array)\n#86 C:\\xampp\\htdocs\\SchoolSystem-2.0\\vendor\\pestphp\\pest\\bin\\pest(215): {closure:C:\\xampp\\htdocs\\SchoolSystem-2.0\\vendor\\pestphp\\pest\\bin\\pest:21}()\n#87 {main}\n\nNext Illuminate\\Database\\QueryException: SQLSTATE[HY000]: General error: 1 table student_parent has no column named parent_guardian_id (Connection: sqlite, Database: :memory:, SQL: insert into \"student_parent\" (\"created_at\", \"is_primary\", \"parent_guardian_id\", \"relationship\", \"student_id\", \"updated_at\") values (2026-09-18 14:03:29, 1, 1, Father, 1, 2026-09-18 14:03:29)) in C:\\xampp\\htdocs\\SchoolSystem-2.0\\vendor\\laravel\\framework\\src\\Illuminate\\Database\\Connection.php:857\nStack trace:\n#0 C:\\xampp\\htdocs\\SchoolSystem-2.0\\vendor\\laravel\\framework\\src\\Illuminate\\Database\\Connection.php(813): Illuminate\\Database\\Connection->runQueryCallback('insert into \"st..', Array, Object(Closure))\n#1 C:\\xampp\\htdocs\\SchoolSystem-2.0\\vendor\\laravel\\framework\\src\\Illuminate\\Database\\Connection.php(590): Illuminate\\Database\\Connection->run('insert into \"st..', Array, Object(Closure))\n#2 C:\\xampp\\htdocs\\SchoolSystem-2.0\\vendor\\laravel\\framework\\src\\Illuminate\\Database\\Connection.php(554): Illuminate\\Database\\Connection->statement('insert into \"st..', Array)\n#3 C:\\xampp\\htdocs\\SchoolSystem-2.0\\vendor\\laravel\\framework\\src\\Illuminate\\Database\\Query\\Builder.php(4220): Illuminate\\Database\\Connection->insert('insert into \"st..', Array)\n#4 C:\\xampp\\htdocs\\SchoolSystem-2.0\\vendor\\laravel\\framework\\src\\Illuminate\\Database\\Eloquent\\Relations\\Concerns\\InteractsWithPivotTable.php(344): Illuminate\\Database\\Query\\Builder->insert(Array)\n#5 C:\\xampp\\htdocs\\SchoolSystem-2.0\\vendor\\laravel\\framework\\src\\Illuminate\\Database\\Eloquent\\Relations\\Concerns\\InteractsWithPivotTable.php(242): Illuminate\\Database\\Eloquent\\Relations\\BelongsToMany->attach(1, Array, false)\n#6 C:\\xampp\\htdocs\\SchoolSystem-2.0\\vendor\\laravel\\framework\\src\\Illuminate\\Database\\Eloquent\\Relations\\Concerns\\InteractsWithPivotTable.php(134): Illuminate\\Database\\Eloquent\\Relations\\BelongsToMany->attachNew(Array, Array, false)\n#7 C:\\xampp\\htdocs\\SchoolSystem-2.0\\vendor\\laravel\\framework\\src\\Illuminate\\Database\\Eloquent\\Relations\\Concerns\\InteractsWithPivotTable.php(89): Illuminate\\Database\\Eloquent\\Relations\\BelongsToMany->sync(Array, false)\n#8 C:\\xampp\\htdocs\\SchoolSystem-2.0\\app\\Http\\Controllers\\StudentController.php(83): Illuminate\\Database\\Eloquent\\Relations\\BelongsToMany->syncWithoutDetaching(Array)\n#9 C:\\xampp\\htdocs\\SchoolSystem-2.0\\vendor\\laravel\\framework\\src\\Illuminate\\Routing\\ControllerDispatcher.php(46): App\\Http\\Controllers\\StudentController->store(Object(Illuminate\\Http\\Request))\n#10 C:\\xampp\\htdocs\\SchoolSystem-2.0\\vendor\\laravel\\framework\\src\\Illuminate\\Routing\\Route.php(276): Illuminate\\Routing\\ControllerDispatcher->dispatch(Object(Illuminate\\Routing\\Route), Object(App\\Http\\Controllers\\StudentController), 'store')\n#11 C:\\xampp\\htdocs\\SchoolSystem-2.0\\vendor\\laravel\\framework\\src\\Illuminate\\Routing\\Route.php(216): Illuminate\\Routing\\Route->runController()\n#12 C:\\xampp\\htdocs\\SchoolSystem-2.0\\vendor\\laravel\\framework\\src\\Illuminate\\Routing\\Router.php(822): Illuminate\\Routing\\Route->run()\n#13 C:\\xampp\\htdocs\\SchoolSystem-2.0\\vendor\\laravel\\framework\\src\\Illuminate\\Pipeline\\Pipeline.php(180): Illuminate\\Routing\\Router->{closure:Illuminate\\Routing\\Router::runRouteWithinStack():821}(Object(Illuminate\\Http\\Request))\n#14 C:\\xampp\\htdocs\\SchoolSystem-2.0\\vendor\\inertiajs\\inertia-laravel\\src\\Middleware.php(147): Illuminate\\Pipeline\\Pipeline->{closure:Illuminate\\Pipeline\\Pipeline::prepareDestination():178}(Object(Illuminate\\Http\\Request))\n#15 C:\\xampp\\htdocs\\SchoolSystem-2.0\\vendor\\laravel\\framework\\src\\Illuminate\\Pipeline\\Pipeline.php(219): Inertia\\Middleware->handle(Object(Illuminate\\Http\\Request), Object(Closure))\n#16 C:\\xampp\\htdocs\\SchoolSystem-2.0\\vendor\\laravel\\framework\\src\\Illuminate\\Routing\\Middleware\\SubstituteBindings.php(52): Illuminate\\Pipeline\\Pipeline->{closure:{closure:Illuminate\\Pipeline\\Pipeline::carry():194}:195}(Object(Illuminate\\Http\\Request))\n#17 C:\\xampp\\htdocs\\SchoolSystem-2.0\\vendor\\laravel\\framework\\src\\Illuminate\\Pipeline\\Pipeline.php(219): Illuminate\\Routing\\Middleware\\SubstituteBindings->handle(Object(Illuminate\\Http\\Request), Object(Closure))\n#18 C:\\xampp\\htdocs\\SchoolSystem-2.0\\vendor\\laravel\\framework\\src\\Illuminate\\Auth\\Middleware\\Authenticate.php(63): Illuminate\\Pipeline\\Pipeline->{closure:{closure:Illuminate\\Pipeline\\Pipeline::carry():194}:195}(Object(Illuminate\\Http\\Request))\n#19 C:\\xampp\\htdocs\\SchoolSystem-2.0\\vendor\\laravel\\framework\\src\\Illuminate\\Pipeline\\Pipeline.php(219): Illuminate\\Auth\\Middleware\\Authenticate->handle(Object(Illuminate\\Http\\Request), Object(Closure))\n#20 C:\\xampp\\htdocs\\SchoolSystem-2.0\\vendor\\laravel\\framework\\src\\Illuminate\\Foundation\\Http\\Middleware\\PreventRequestForgery.php(104): Illuminate\\Pipeline\\Pipeline->{closure:{closure:Illuminate\\Pipeline\\Pipeline::carry():194}:195}(Object(Illuminate\\Http\\Request))\n#21 C:\\xampp\\htdocs\\SchoolSystem-2.0\\vendor\\laravel\\framework\\src\\Illuminate\\Pipeline\\Pipeline.php(219): Illuminate\\Foundation\\Http\\Middleware\\PreventRequestForgery->handle(Object(Illuminate\\Http\\Request), Object(Closure))\n#22 C:\\xampp\\htdocs\\SchoolSystem-2.0\\vendor\\laravel\\framework\\src\\Illuminate\\View\\Middleware\\ShareErrorsFromSession.php(48): Illuminate\\Pipeline\\Pipeline->{closure:{closure:Illuminate\\Pipeline\\Pipeline::carry():194}:195}(Object(Illuminate\\Http\\Request))\n#23 C:\\xampp\\htdocs\\SchoolSystem-2.0\\vendor\\laravel\\framework\\src\\Illuminate\\Pipeline\\Pipeline.php(219): Illuminate\\View\\Middleware\\ShareErrorsFromSession->handle(Object(Illuminate\\Http\\Request), Object(Closure))\n#24 C:\\xampp\\htdocs\\SchoolSystem-2.0\\vendor\\laravel\\framework\\src\\Illuminate\\Session\\Middleware\\StartSession.php(120): Illuminate\\Pipeline\\Pipeline->{closure:{closure:Illuminate\\Pipeline\\Pipeline::carry():194}:195}(Object(Illuminate\\Http\\Request))\n#25 C:\\xampp\\htdocs\\SchoolSystem-2.0\\vendor\\laravel\\framework\\src\\Illuminate\\Session\\Middleware\\StartSession.php(63): Illuminate\\Session\\Middleware\\StartSession->handleStatefulRequest(Object(Illuminate\\Http\\Request), Object(Illuminate\\Session\\Store), Object(Closure))\n#26 C:\\xampp\\htdocs\\SchoolSystem-2.0\\vendor\\laravel\\framework\\src\\Illuminate\\Pipeline\\Pipeline.php(219): Illuminate\\Session\\Middleware\\StartSession->handle(Object(Illuminate\\Http\\Request), Object(Closure))\n#27 C:\\xampp\\htdocs\\SchoolSystem-2.0\\vendor\\laravel\\framework\\src\\Illuminate\\Cookie\\Middleware\\AddQueuedCookiesToResponse.php(36): Illuminate\\Pipeline\\Pipeline->{closure:{closure:Illuminate\\Pipeline\\Pipeline::carry():194}:195}(Object(Illuminate\\Http\\Request))\n#28 C:\\xampp\\htdocs\\SchoolSystem-2.0\\vendor\\laravel\\framework\\src\\Illuminate\\Pipeline\\Pipeline.php(219): Illuminate\\Cookie\\Middleware\\AddQueuedCookiesToResponse->handle(Object(Illuminate\\Http\\Request), Object(Closure))\n#29 C:\\xampp\\htdocs\\SchoolSystem-2.0\\vendor\\laravel\\framework\\src\\Illuminate\\Cookie\\Middleware\\EncryptCookies.php(74): Illuminate\\Pipeline\\Pipeline->{closure:{closure:Illuminate\\Pipeline\\Pipeline::carry():194}:195}(Object(Illuminate\\Http\\Request))\n#30 C:\\xampp\\htdocs\\SchoolSystem-2.0\\vendor\\laravel\\framework\\src\\Illuminate\\Pipeline\\Pipeline.php(219): Illuminate\\Cookie\\Middleware\\EncryptCookies->handle(Object(Illuminate\\Http\\Request), Object(Closure))\n#31 C:\\xampp\\htdocs\\SchoolSystem-2.0\\vendor\\laravel\\framework\\src\\Illuminate\\Pipeline\\Pipeline.php(137): Illuminate\\Pipeline\\Pipeline->{closure:{closure:Illuminate\\Pipeline\\Pipeline::carry():194}:195}(Object(Illuminate\\Http\\Request))\n#32 C:\\xampp\\htdocs\\SchoolSystem-2.0\\vendor\\laravel\\framework\\src\\Illuminate\\Routing\\Router.php(821): Illuminate\\Pipeline\\Pipeline->then(Object(Closure))\n#33 C:\\xampp\\htdocs\\SchoolSystem-2.0\\vendor\\laravel\\framework\\src\\Illuminate\\Routing\\Router.php(800): Illuminate\\Routing\\Router->runRouteWithinStack(Object(Illuminate\\Routing\\Route), Object(Illuminate\\Http\\Request))\n#34 C:\\xampp\\htdocs\\SchoolSystem-2.0\\vendor\\laravel\\framework\\src\\Illuminate\\Routing\\Router.php(764): Illuminate\\Routing\\Router->runRoute(Object(Illuminate\\Http\\Request), Object(Illuminate\\Routing\\Route))\n#35 C:\\xampp\\htdocs\\SchoolSystem-2.0\\vendor\\laravel\\framework\\src\\Illuminate\\Routing\\Router.php(753): Illuminate\\Routing\\Router->dispatchToRoute(Object(Illuminate\\Http\\Request))\n#36 C:\\xampp\\htdocs\\SchoolSystem-2.0\\vendor\\laravel\\framework\\src\\Illuminate\\Foundation\\Http\\Kernel.php(200): Illuminate\\Routing\\Router->dispatch(Object(Illuminate\\Http\\Request))\n#37 C:\\xampp\\htdocs\\SchoolSystem-2.0\\vendor\\laravel\\framework\\src\\Illuminate\\Pipeline\\Pipeline.php(180): Illuminate\\Foundation\\Http\\Kernel->{closure:Illuminate\\Foundation\\Http\\Kernel::dispatchToRouter():197}(Object(Illuminate\\Http\\Request))\n#38 C:\\xampp\\htdocs\\SchoolSystem-2.0\\vendor\\laravel\\mcp\\src\\Server\\Middleware\\AddWwwAuthenticateHeader.php(21): Illuminate\\Pipeline\\Pipeline->{closure:Illuminate\\Pipeline\\Pipeline::prepareDestination():178}(Object(Illuminate\\Http\\Request))\n#39 C:\\xampp\\htdocs\\SchoolSystem-2.0\\vendor\\laravel\\framework\\src\\Illuminate\\Pipeline\\Pipeline.php(219): Laravel\\Mcp\\Server\\Middleware\\AddWwwAuthenticateHeader->handle(Object(Illuminate\\Http\\Request), Object(Closure))\n#40 C:\\xampp\\htdocs\\SchoolSystem-2.0\\vendor\\inertiajs\\inertia-laravel\\src\\Middleware\\EnsureGetOnRedirect.php(19): Illuminate\\Pipeline\\Pipeline->{closure:{closure:Illuminate\\Pipeline\\Pipeline::carry():194}:195}(Object(Illuminate\\Http\\Request))\n#41 C:\\xampp\\htdocs\\SchoolSystem-2.0\\vendor\\laravel\\framework\\src\\Illuminate\\Pipeline\\Pipeline.php(219): Inertia\\Middleware\\EnsureGetOnRedirect->handle(Object(Illuminate\\Http\\Request), Object(Closure))\n#42 C:\\xampp\\htdocs\\SchoolSystem-2.0\\vendor\\laravel\\framework\\src\\Illuminate\\Foundation\\Http\\Middleware\\TransformsRequest.php(21): Illuminate\\Pipeline\\Pipeline->{closure:{closure:Illuminate\\Pipeline\\Pipeline::carry():194}:195}(Object(Illuminate\\Http\\Request))\n#43 C:\\xampp\\htdocs\\SchoolSystem-2.0\\vendor\\laravel\\framework\\src\\Illuminate\\Foundation\\Http\\Middleware\\ConvertEmptyStringsToNull.php(31): Illuminate\\Foundation\\Http\\Middleware\\TransformsRequest->handle(Object(Illuminate\\Http\\Request), Object(Closure))\n#44 C:\\xampp\\htdocs\\SchoolSystem-2.0\\vendor\\laravel\\framework\\src\\Illuminate\\Pipeline\\Pipeline.php(219): Illuminate\\Foundation\\Http\\Middleware\\ConvertEmptyStringsToNull->handle(Object(Illuminate\\Http\\Request), Object(Closure))\n#45 C:\\xampp\\htdocs\\SchoolSystem-2.0\\vendor\\laravel\\framework\\src\\Illuminate\\Foundation\\Http\\Middleware\\TransformsRequest.php(21): Illuminate\\Pipeline\\Pipeline->{closure:{closure:Illuminate\\Pipeline\\Pipeline::carry():194}:195}(Object(Illuminate\\Http\\Request))\n#46 C:\\xampp\\htdocs\\SchoolSystem-2.0\\vendor\\laravel\\framework\\src\\Illuminate\\Foundation\\Http\\Middleware\\TrimStrings.php(51): Illuminate\\Foundation\\Http\\Middleware\\TransformsRequest->handle(Object(Illuminate\\Http\\Request), Object(Closure))\n#47 C:\\xampp\\htdocs\\SchoolSystem-2.0\\vendor\\laravel\\framework\\src\\Illuminate\\Pipeline\\Pipeline.php(219): Illuminate\\Foundation\\Http\\Middleware\\TrimStrings->handle(Object(Illuminate\\Http\\Request), Object(Closure))\n#48 C:\\xampp\\htdocs\\SchoolSystem-2.0\\vendor\\laravel\\framework\\src\\Illuminate\\Http\\Middleware\\ValidatePostSize.php(27): Illuminate\\Pipeline\\Pipeline->{closure:{closure:Illuminate\\Pipeline\\Pipeline::carry():194}:195}(Object(Illuminate\\Http\\Request))\n#49 C:\\xampp\\htdocs\\SchoolSystem-2.0\\vendor\\laravel\\framework\\src\\Illuminate\\Pipeline\\Pipeline.php(219): Illuminate\\Http\\Middleware\\ValidatePostSize->handle(Object(Illuminate\\Http\\Request), Object(Closure))\n#50 C:\\xampp\\htdocs\\SchoolSystem-2.0\\vendor\\laravel\\framework\\src\\Illuminate\\Foundation\\Http\\Middleware\\PreventRequestsDuringMaintenance.php(110): Illuminate\\Pipeline\\Pipeline->{closure:{closure:Illuminate\\Pipeline\\Pipeline::carry():194}:195}(Object(Illuminate\\Http\\Request))\n#51 C:\\xampp\\htdocs\\SchoolSystem-2.0\\vendor\\laravel\\framework\\src\\Illuminate\\Pipeline\\Pipeline.php(219): Illuminate\\Foundation\\Http\\Middleware\\PreventRequestsDuringMaintenance->handle(Object(Illuminate\\Http\\Request), Object(Closure))\n#52 C:\\xampp\\htdocs\\SchoolSystem-2.0\\vendor\\laravel\\framework\\src\\Illuminate\\Http\\Middleware\\HandleCors.php(61): Illuminate\\Pipeline\\Pipeline->{closure:{closure:Illuminate\\Pipeline\\Pipeline::carry():194}:195}(Object(Illuminate\\Http\\Request))\n#53 C:\\xampp\\htdocs\\SchoolSystem-2.0\\vendor\\laravel\\framework\\src\\Illuminate\\Pipeline\\Pipeline.php(219): Illuminate\\Http\\Middleware\\HandleCors->handle(Object(Illuminate\\Http\\Request), Object(Closure))\n#54 C:\\xampp\\htdocs\\SchoolSystem-2.0\\vendor\\laravel\\framework\\src\\Illuminate\\Http\\Middleware\\TrustProxies.php(58): Illuminate\\Pipeline\\Pipeline->{closure:{closure:Illuminate\\Pipeline\\Pipeline::carry():194}:195}(Object(Illuminate\\Http\\Request))\n#55 C:\\xampp\\htdocs\\SchoolSystem-2.0\\vendor\\laravel\\framework\\src\\Illuminate\\Pipeline\\Pipeline.php(219): Illuminate\\Http\\Middleware\\TrustProxies->handle(Object(Illuminate\\Http\\Request), Object(Closure))\n#56 C:\\xampp\\htdocs\\SchoolSystem-2.0\\vendor\\laravel\\framework\\src\\Illuminate\\Foundation\\Http\\Middleware\\InvokeDeferredCallbacks.php(22): Illuminate\\Pipeline\\Pipeline->{closure:{closure:Illuminate\\Pipeline\\Pipeline::carry():194}:195}(Object(Illuminate\\Http\\Request))\n#57 C:\\xampp\\htdocs\\SchoolSystem-2.0\\vendor\\laravel\\framework\\src\\Illuminate\\Pipeline\\Pipeline.php(219): Illuminate\\Foundation\\Http\\Middleware\\InvokeDeferredCallbacks->handle(Object(Illuminate\\Http\\Request), Object(Closure))\n#58 C:\\xampp\\htdocs\\SchoolSystem-2.0\\vendor\\laravel\\framework\\src\\Illuminate\\Http\\Middleware\\ValidatePathEncoding.php(28): Illuminate\\Pipeline\\Pipeline->{closure:{closure:Illuminate\\Pipeline\\Pipeline::carry():194}:195}(Object(Illuminate\\Http\\Request))\n#59 C:\\xampp\\htdocs\\SchoolSystem-2.0\\vendor\\laravel\\framework\\src\\Illuminate\\Pipeline\\Pipeline.php(219): Illuminate\\Http\\Middleware\\ValidatePathEncoding->handle(Object(Illuminate\\Http\\Request), Object(Closure))\n#60 C:\\xampp\\htdocs\\SchoolSystem-2.0\\vendor\\laravel\\framework\\src\\Illuminate\\Pipeline\\Pipeline.php(137): Illuminate\\Pipeline\\Pipeline->{closure:{closure:Illuminate\\Pipeline\\Pipeline::carry():194}:195}(Object(Illuminate\\Http\\Request))\n#61 C:\\xampp\\htdocs\\SchoolSystem-2.0\\vendor\\laravel\\framework\\src\\Illuminate\\Foundation\\Http\\Kernel.php(175): Illuminate\\Pipeline\\Pipeline->then(Object(Closure))\n#62 C:\\xampp\\htdocs\\SchoolSystem-2.0\\vendor\\laravel\\framework\\src\\Illuminate\\Foundation\\Http\\Kernel.php(144): Illuminate\\Foundation\\Http\\Kernel->sendRequestThroughRouter(Object(Illuminate\\Http\\Request))\n#63 C:\\xampp\\htdocs\\SchoolSystem-2.0\\vendor\\laravel\\framework\\src\\Illuminate\\Foundation\\Testing\\Concerns\\MakesHttpRequests.php(638): Illuminate\\Foundation\\Http\\Kernel->handle(Object(Illuminate\\Http\\Request))\n#64 C:\\xampp\\htdocs\\SchoolSystem-2.0\\vendor\\laravel\\framework\\src\\Illuminate\\Foundation\\Testing\\Concerns\\MakesHttpRequests.php(397): Illuminate\\Foundation\\Testing\\TestCase->call('POST', '/students', Array, Array, Array, Array)\n#65 C:\\xampp\\htdocs\\SchoolSystem-2.0\\tests\\Feature\\SchoolSetupPhaseTwoTest.php(146): Illuminate\\Foundation\\Testing\\TestCase->post('/students', Array)\n#66 C:\\xampp\\htdocs\\SchoolSystem-2.0\\vendor\\pestphp\\pest\\src\\Factories\\TestCaseMethodFactory.php(135): P\\Tests\\Feature\\SchoolSetupPhaseTwoTest->{closure:C:\\xampp\\htdocs\\SchoolSystem-2.0\\tests\\Feature\\SchoolSetupPhaseTwoTest.php:142}()\n#67 [internal function]: P\\Tests\\Feature\\SchoolSetupPhaseTwoTest->{closure:Pest\\Factories\\TestCaseMethodFactory::getClosure():125}()\n#68 C:\\xampp\\htdocs\\SchoolSystem-2.0\\vendor\\pestphp\\pest\\src\\Concerns\\Testable.php(508): call_user_func_array(Object(Closure), Array)\n#69 C:\\xampp\\htdocs\\SchoolSystem-2.0\\vendor\\pestphp\\pest\\src\\Support\\ExceptionTrace.php(24): P\\Tests\\Feature\\SchoolSetupPhaseTwoTest->{closure:Pest\\Concerns\\Testable::__callClosure():508}()\n#70 C:\\xampp\\htdocs\\SchoolSystem-2.0\\vendor\\pestphp\\pest\\src\\Concerns\\Testable.php(508): Pest\\Support\\ExceptionTrace::ensure(Object(Closure))\n#71 C:\\xampp\\htdocs\\SchoolSystem-2.0\\vendor\\pestphp\\pest\\src\\Concerns\\Testable.php(322): P\\Tests\\Feature\\SchoolSetupPhaseTwoTest->__callClosure(Object(Closure), Array)\n#72 C:\\xampp\\htdocs\\SchoolSystem-2.0\\vendor\\pestphp\\pest\\src\\Factories\\TestCaseFactory.php(170) : eval()'d code(100): P\\Tests\\Feature\\SchoolSetupPhaseTwoTest->__runTest(Object(Closure))\n#73 C:\\xampp\\htdocs\\SchoolSystem-2.0\\vendor\\phpunit\\phpunit\\src\\Framework\\TestCase.php(1461): P\\Tests\\Feature\\SchoolSetupPhaseTwoTest->__pest_evaluable_it_stores_student_and_parent_records_for_the_school()\n#74 C:\\xampp\\htdocs\\SchoolSystem-2.0\\vendor\\phpunit\\phpunit\\src\\Framework\\TestCase.php(1475): PHPUnit\\Framework\\TestCase->invokeTestMethod('__pest_evaluabl..', Array)\n#75 C:\\xampp\\htdocs\\SchoolSystem-2.0\\vendor\\phpunit\\phpunit\\src\\Framework\\TestCase.php(496): PHPUnit\\Framework\\TestCase->runTest()\n#76 C:\\xampp\\htdocs\\SchoolSystem-2.0\\vendor\\phpunit\\phpunit\\src\\Framework\\TestRunner\\TestRunner.php(126): PHPUnit\\Framework\\TestCase->runBare()\n#77 C:\\xampp\\htdocs\\SchoolSystem-2.0\\vendor\\phpunit\\phpunit\\src\\Framework\\TestCase.php(328): PHPUnit\\Framework\\TestRunner\\TestRunner->run(Object(P\\Tests\\Feature\\SchoolSetupPhaseTwoTest))\n#78 C:\\xampp\\htdocs\\SchoolSystem-2.0\\vendor\\phpunit\\phpunit\\src\\Framework\\TestSuite.php(627): PHPUnit\\Framework\\TestCase->run()\n#79 C:\\xampp\\htdocs\\SchoolSystem-2.0\\vendor\\phpunit\\phpunit\\src\\Framework\\TestSuite.php(420): PHPUnit\\Framework\\TestSuite->runTests(Array, Object(PHPUnit\\Event\\DispatchingEmitter))\n#80 C:\\xampp\\htdocs\\SchoolSystem-2.0\\vendor\\phpunit\\phpunit\\src\\TextUI\\TestRunner.php(64): PHPUnit\\Framework\\TestSuite->run()\n#81 C:\\xampp\\htdocs\\SchoolSystem-2.0\\vendor\\phpunit\\phpunit\\src\\TextUI\\Application.php(255): PHPUnit\\TextUI\\TestRunner->run(Object(PHPUnit\\TextUI\\Configuration\\Configuration), Object(PHPUnit\\Runner\\TestRunHistory\\DefaultTestRunHistory), Object(PHPUnit\\Framework\\TestSuite))\n#82 C:\\xampp\\htdocs\\SchoolSystem-2.0\\vendor\\pestphp\\pest\\src\\Kernel.php(100): PHPUnit\\TextUI\\Application->run(Array)\n#83 C:\\xampp\\htdocs\\SchoolSystem-2.0\\vendor\\pestphp\\pest\\bin\\pest(207): Pest\\Kernel->handle(Array, Array)\n#84 C:\\xampp\\htdocs\\SchoolSystem-2.0\\vendor\\pestphp\\pest\\bin\\pest(215): {closure:C:\\xampp\\htdocs\\SchoolSystem-2.0\\vendor\\pestphp\\pest\\bin\\pest:21}()\n#85 {main}\n\n----------------------------------------------------------------------------------\n\nSQLSTATE[HY000]: General error: 1 table student_parent has no column named parent_guardian_id (Connection: sqlite, Database: :memory:, SQL: insert into \"student_parent\" (\"created_at\", \"is_primary\", \"parent_guardian_id\", \"relationship\", \"student_id\", \"updated_at\") values (2026-09-18 14:03:29, 1, 1, Father, 1, 2026-09-18 14:03:29))","trace":["C:\\xampp\\htdocs\\SchoolSystem-2.0\\vendor\\laravel\\framework\\src\\Illuminate\\Testing\\TestResponseAssert.php:46","C:\\xampp\\htdocs\\SchoolSystem-2.0\\tests\\Feature\\SchoolSetupPhaseTwoTest.php:156"]}]}
